# Summary

## Problem

### Title
minimal

## Alternatives

### option_a

## Scenario

### baseline

## Decision Drivers

### Criteria

#### cost

### Criteria Weights
- baseline: cost=1.000000

## Scenario Ranking

### baseline
1. option_a (0.000000)

#### Evaluation Notes

##### option_a

Scores:
- cost: 1

## Final Ranking

1. option_a (0.000000)

## Notes and Tradeoffs

- Aggregation method: equal_average

### Scenario Weights
- baseline: 1.000000

### Scenario Criteria Weights
- baseline: cost=1.000000
